[0s] Cells: 48
[0s] Run 4: master alpha-SR/TPR/PPV algorithm
D:\Research study\Research question ML\fairness_project_v2\.venv\Lib\site-packages\zmq\_future.py:718: RuntimeWarning: Proactor event loop does not implement add_reader family of methods required for zmq. Registering an additional selector thread for add_reader support via tornado. Use `asyncio.set_event_loop_policy(WindowsSelectorEventLoopPolicy())` to avoid this warning.
  self._get_loop()
D:\Research study\Research question ML\fairness_project_v2\.venv\Lib\site-packages\joblib\externals\loky\backend\resource_tracker.py:359: UserWarning: resource_tracker: There appear to be 2 leaked folder objects to clean up at shutdown
  warnings.warn(
D:\Research study\Research question ML\fairness_project_v2\.venv\Lib\site-packages\joblib\externals\loky\backend\resource_tracker.py:375: UserWarning: resource_tracker: C:\Users\rakib\AppData\Local\Temp\joblib_memmapping_folder_27656_cd2c7359d2db4fda93b4331cdb4d5281_9dceb6ae59124a51a192282faaebab3f: FileNotFoundError(2, 'The system cannot find the path specified')
  warnings.warn(f"resource_tracker: {name}: {e!r}")
D:\Research study\Research question ML\fairness_project_v2\.venv\Lib\site-packages\joblib\externals\loky\backend\resource_tracker.py:375: UserWarning: resource_tracker: C:\Users\rakib\AppData\Local\Temp\joblib_memmapping_folder_27656_34ac42b1e86f4e3ebbf92c9abbf01fc8_f6f52f0d11964e3085840048e743c453: FileNotFoundError(2, 'The system cannot find the path specified')
  warnings.warn(f"resource_tracker: {name}: {e!r}")
Traceback (most recent call last):
  File "<stdin>", line 13, in <module>
  File "D:\Research study\Research question ML\fairness_project_v2\.venv\Lib\site-packages\jupyter_core\utils\__init__.py", line 165, in wrapped
    return loop.run_until_complete(inner)
           ^^^^^^^^^^^^^^^^^^^^^^^^^^^^^^
  File "C:\Users\rakib\AppData\Local\Programs\Python\Python311\Lib\asyncio\base_events.py", line 654, in run_until_complete
    return future.result()
           ^^^^^^^^^^^^^^^
  File "D:\Research study\Research question ML\fairness_project_v2\.venv\Lib\site-packages\nbclient\client.py", line 709, in async_execute
    await self.async_execute_cell(
  File "D:\Research study\Research question ML\fairness_project_v2\.venv\Lib\site-packages\nbclient\client.py", line 1009, in async_execute_cell
    raise DeadKernelError("Kernel died") from None
nbclient.exceptions.DeadKernelError: Kernel died
