[10:10:57] Loading texas_100x.csv (memory-efficient: only needed columns) ...
[10:10:58]   rows=925,128  hospitals=441  memory=174.3 MB
[10:10:58] ======================================================================
[10:10:58] EXP 70_15_15: Three-way 70/15/15 patient split, full 8-feature model
[10:10:58] ======================================================================
[10:10:58]   patient split: train=647,589  val=138,769  audit=138,770
[10:10:58]   engineering features (target-encode on train only)...
[10:10:58]   global LOS rate (train): 0.4505
[10:10:58]   features used: ['PAT_AGE', 'TOTAL_CHARGES', 'PAT_STATUS', 'TYPE_OF_ADMISSION', 'SOURCE_OF_ADMISSION', 'ADMITTING_DIAGNOSIS_te', 'PRINC_SURG_PROC_CODE_te', 'THCIC_ID_te']
[10:10:58]   Stage A: building intersectional sample weights (lambda=2.0)...
[10:10:59]     cells: 40  weight range: [0.10, 10.00]
[10:10:59]   fitting canonical XGBoost (n_estimators=1000, depth=10)...
[10:11:06]     fit took 7s
[10:11:07]   running Stage B (SR-match) + Stage C (constrained refinement) on VAL ...
[10:11:07]     after Stage B (SR-match): min DI=0.904  per-attr=['0.904', '0.970', '0.998', '0.910']  val_acc=0.8039
[10:11:07]     Stage B already satisfies min DI >= 0.8; no refinement needed.
[10:11:07]     selected 40 per-cell thresholds on val
[10:11:08]   STANDARD (default-0.5 threshold) on audit-eval:
[10:11:08]     AUROC=0.9416  Acc=0.8625  F1=0.8460
[10:11:08]   FAIR (alpha-search thresholds tuned on VAL) on audit:
[10:11:08]     AUROC=0.9416  Acc=0.8044  F1=0.7791
[10:11:08]     Acc cost: 5.81 pp
[10:11:08]   saved journal_T15_70_15_15.csv
[10:11:08]   bootstrap VFR on AUDIT (B=500, N=10000) ...
[10:11:12]     bootstrap took 4s
[10:11:12]   saved journal_T13_vfr_70_15_15.csv
[10:11:12]   All-4-DI pass on AUDIT (fair): True
[10:11:12]   Cells with VFR <= 0.10 on AUDIT (fair): 22/28
[10:11:12]   EXP 70_15_15 total time: 15s
[10:11:13] ======================================================================
[10:11:13] EXP admission_only: Three-way 70/15/15 patient split, ADMISSION-ONLY (drop TOTAL_CHARGES, PAT_STATUS)
[10:11:13] ======================================================================
[10:11:13]   patient split: train=647,589  val=138,769  audit=138,770
[10:11:13]   engineering features (target-encode on train only)...
[10:11:13]   global LOS rate (train): 0.4505
[10:11:13]   features used: ['PAT_AGE', 'TYPE_OF_ADMISSION', 'SOURCE_OF_ADMISSION', 'ADMITTING_DIAGNOSIS_te', 'PRINC_SURG_PROC_CODE_te', 'THCIC_ID_te']
[10:11:13]   Stage A: building intersectional sample weights (lambda=2.0)...
[10:11:14]     cells: 40  weight range: [0.10, 10.00]
[10:11:14]   fitting canonical XGBoost (n_estimators=1000, depth=10)...
[10:11:19]     fit took 5s
[10:11:19]   running Stage B (SR-match) + Stage C (constrained refinement) on VAL ...
[10:11:20]     after Stage B (SR-match): min DI=0.947  per-attr=['0.947', '0.995', '0.995', '0.991']  val_acc=0.7144
[10:11:20]     Stage B already satisfies min DI >= 0.8; no refinement needed.
[10:11:20]     selected 40 per-cell thresholds on val
[10:11:20]   STANDARD (default-0.5 threshold) on audit-eval:
[10:11:20]     AUROC=0.8585  Acc=0.7724  F1=0.7501
[10:11:20]   FAIR (alpha-search thresholds tuned on VAL) on audit:
[10:11:20]     AUROC=0.8585  Acc=0.7143  F1=0.6857
[10:11:20]     Acc cost: 5.81 pp
[10:11:21]   saved journal_T15_admission_only.csv
[10:11:21]   bootstrap VFR on AUDIT (B=500, N=10000) ...
[10:11:27]     bootstrap took 6s
[10:11:27]   saved journal_T13_vfr_admission_only.csv
[10:11:27]   All-4-DI pass on AUDIT (fair): True
[10:11:27]   Cells with VFR <= 0.10 on AUDIT (fair): 23/28
[10:11:27]   EXP admission_only total time: 14s
[10:11:27] ======================================================================
[10:11:27] EXP seed_reproducibility: Three-way 70/15/15 patient split, full 8-feature model, RANDOM_STATE=123 (reproducibility)
[10:11:27] ======================================================================
[10:11:27]   patient split (seed=123): train=647,589  val=138,769  audit=138,770
[10:11:27]   engineering features (target-encode on train only)...
[10:11:27]   global LOS rate (train): 0.4505
[10:11:27]   features used: ['PAT_AGE', 'TOTAL_CHARGES', 'PAT_STATUS', 'TYPE_OF_ADMISSION', 'SOURCE_OF_ADMISSION', 'ADMITTING_DIAGNOSIS_te', 'PRINC_SURG_PROC_CODE_te', 'THCIC_ID_te']
[10:11:27]   Stage A: building intersectional sample weights (lambda=2.0)...
[10:11:28]     cells: 40  weight range: [0.10, 10.00]
[10:11:28]   fitting canonical XGBoost (n_estimators=1000, depth=10)...
[10:11:35]     fit took 6s
[10:11:35]   running Stage B (SR-match) + Stage C (constrained refinement) on VAL ...
[10:11:36]     after Stage B (SR-match): min DI=0.895  per-attr=['0.926', '0.966', '0.967', '0.895']  val_acc=0.8061
[10:11:36]     Stage B already satisfies min DI >= 0.8; no refinement needed.
[10:11:36]     selected 40 per-cell thresholds on val
[10:11:36]   STANDARD (default-0.5 threshold) on audit-eval:
[10:11:36]     AUROC=0.9424  Acc=0.8638  F1=0.8479
[10:11:36]   FAIR (alpha-search thresholds tuned on VAL) on audit:
[10:11:36]     AUROC=0.9424  Acc=0.8055  F1=0.7801
[10:11:36]     Acc cost: 5.83 pp
[10:11:36]   saved journal_T15_seed_reproducibility.csv
[10:11:36]   bootstrap VFR on AUDIT (B=500, N=10000) ...
[10:11:42]     bootstrap took 5s
[10:11:42]   saved journal_T13_vfr_seed_reproducibility.csv
[10:11:42]   All-4-DI pass on AUDIT (fair): True
[10:11:42]   Cells with VFR <= 0.10 on AUDIT (fair): 22/28
[10:11:42]   EXP seed_reproducibility total time: 15s
[10:11:42] ======================================================================
[10:11:42] ALL EXPERIMENTS COMPLETE
[10:11:42] ======================================================================
[10:11:42] 
          experiment                                                                                      label  n_train  n_val  n_audit  AUROC_standard  Acc_standard  F1_standard  AUROC_fair  Acc_fair  F1_fair  Acc_cost_pp  DI_Race  DI_Sex  DI_Eth  DI_Age  all_4_DI_pass_audit  VFR_stable_cells_audit  VFR_total_cells
            70_15_15                                     Three-way 70/15/15 patient split, full 8-feature model   647589 138769   138770          0.9416        0.8625       0.8460      0.9416    0.8044   0.7791         5.81   0.9090  0.9702  0.9951  0.9072                 True                      22               28
      admission_only          Three-way 70/15/15 patient split, ADMISSION-ONLY (drop TOTAL_CHARGES, PAT_STATUS)   647589 138769   138770          0.8585        0.7724       0.7501      0.8585    0.7143   0.6857         5.81   0.8779  0.9858  0.9904  0.9884                 True                      23               28
seed_reproducibility Three-way 70/15/15 patient split, full 8-feature model, RANDOM_STATE=123 (reproducibility)   647589 138769   138770          0.9424        0.8638       0.8479      0.9424    0.8055   0.7801         5.83   0.9080  0.9788  0.9883  0.8972                 True                      22               28
[10:11:42] 
Results: d:\Research study\Research question ML\fairness_project_v2\fairness_project_v1\research question 1 version 3 final result and output\Final_Notebook\SHARE_WITH_PROFESSOR\cikm\full_journal_paper\output\tables/journal_summary.csv  (+ json)
